D:\Users\Daniel-Morgan\Downloads\serenity-cucumber4-master-X\serenity-cucumber4-master\src\test\java\pages\adminLevel\Overtime_Dashboard\OvertimePage.java
D:\Users\Daniel-Morgan\Downloads\serenity-cucumber4-master-X\serenity-cucumber4-master\src\test\java\pages\adminLevel\TrainingAndDevelopment_Dashboard\TrainingPage.java
D:\Users\Daniel-Morgan\Downloads\serenity-cucumber4-master-X\serenity-cucumber4-master\src\test\java\pages\HomePage.java
D:\Users\Daniel-Morgan\Downloads\serenity-cucumber4-master-X\serenity-cucumber4-master\src\test\java\starter\search\SearchForm.java
D:\Users\Daniel-Morgan\Downloads\serenity-cucumber4-master-X\serenity-cucumber4-master\src\test\java\starter\BrowserStackSerenityTest.java
D:\Users\Daniel-Morgan\Downloads\serenity-cucumber4-master-X\serenity-cucumber4-master\src\test\java\starter\stepdefinitions\adminLevel\TrainingAndDevelopment_Dashboard\ClientTimeSteps.java
D:\Users\Daniel-Morgan\Downloads\serenity-cucumber4-master-X\serenity-cucumber4-master\src\test\java\starter\matchers\TextMatcher.java
D:\Users\Daniel-Morgan\Downloads\serenity-cucumber4-master-X\serenity-cucumber4-master\src\test\java\pages\adminLevel\Absence_Dashboard\AbsencePage.java
D:\Users\Daniel-Morgan\Downloads\serenity-cucumber4-master-X\serenity-cucumber4-master\src\test\java\starter\stepdefinitions\loginSteps.java
D:\Users\Daniel-Morgan\Downloads\serenity-cucumber4-master-X\serenity-cucumber4-master\src\test\java\pages\GetBookingDate.java
D:\Users\Daniel-Morgan\Downloads\serenity-cucumber4-master-X\serenity-cucumber4-master\src\test\java\pages\adminLevel\Absence_Dashboard\AbsenceDashboardPage.java
D:\Users\Daniel-Morgan\Downloads\serenity-cucumber4-master-X\serenity-cucumber4-master\src\test\java\pages\employeeLevel\MyRotaPage.java
D:\Users\Daniel-Morgan\Downloads\serenity-cucumber4-master-X\serenity-cucumber4-master\src\test\java\starter\search\SearchResultList.java
D:\Users\Daniel-Morgan\Downloads\serenity-cucumber4-master-X\serenity-cucumber4-master\src\test\java\assets\returnNum.java
D:\Users\Daniel-Morgan\Downloads\serenity-cucumber4-master-X\serenity-cucumber4-master\src\test\java\assets\bookDate.java
D:\Users\Daniel-Morgan\Downloads\serenity-cucumber4-master-X\serenity-cucumber4-master\src\test\java\pages\employeeLevel\MyTimeOffPage.java
D:\Users\Daniel-Morgan\Downloads\serenity-cucumber4-master-X\serenity-cucumber4-master\src\test\java\assets\test.java
D:\Users\Daniel-Morgan\Downloads\serenity-cucumber4-master-X\serenity-cucumber4-master\src\test\java\starter\stepdefinitions\SearchOnDuckDuckGoStepDefinitions.java
D:\Users\Daniel-Morgan\Downloads\serenity-cucumber4-master-X\serenity-cucumber4-master\src\test\java\starter\stepdefinitions\adminLevel\TrainingAndDevelopment_Dashboard\WowChatSteps.java
D:\Users\Daniel-Morgan\Downloads\serenity-cucumber4-master-X\serenity-cucumber4-master\src\test\java\starter\stepdefinitions\adminLevel\Overtime_Dashboard\OvertimeReasonsSteps.java
D:\Users\Daniel-Morgan\Downloads\serenity-cucumber4-master-X\serenity-cucumber4-master\src\test\java\pages\employeeLevel\MyDetailsPage.java
D:\Users\Daniel-Morgan\Downloads\serenity-cucumber4-master-X\serenity-cucumber4-master\src\test\java\starter\search\SearchResult.java
D:\Users\Daniel-Morgan\Downloads\serenity-cucumber4-master-X\serenity-cucumber4-master\src\test\java\starter\ParallelIETest.java
D:\Users\Daniel-Morgan\Downloads\serenity-cucumber4-master-X\serenity-cucumber4-master\src\test\java\starter\stepdefinitions\adminLevel\Absence_Dashboard\AbsenceSteps.java
D:\Users\Daniel-Morgan\Downloads\serenity-cucumber4-master-X\serenity-cucumber4-master\src\test\java\starter\search\SearchFor.java
D:\Users\Daniel-Morgan\Downloads\serenity-cucumber4-master-X\serenity-cucumber4-master\src\test\java\starter\stepdefinitions\employeeLevel\myRotaSteps.java
D:\Users\Daniel-Morgan\Downloads\serenity-cucumber4-master-X\serenity-cucumber4-master\src\test\java\starter\SingleTest.java
D:\Users\Daniel-Morgan\Downloads\serenity-cucumber4-master-X\serenity-cucumber4-master\src\test\java\pages\adminLevel\Absence_Dashboard\AbsenceReasonsPage.java
D:\Users\Daniel-Morgan\Downloads\serenity-cucumber4-master-X\serenity-cucumber4-master\src\test\java\pages\adminLevel\Overtime_Dashboard\Overtime_DashboardPage.java
D:\Users\Daniel-Morgan\Downloads\serenity-cucumber4-master-X\serenity-cucumber4-master\src\test\java\starter\CucumberTestSuite.java
D:\Users\Daniel-Morgan\Downloads\serenity-cucumber4-master-X\serenity-cucumber4-master\src\test\java\starter\stepdefinitions\adminLevel\Absence_Dashboard\AbsenceReasonsSteps.java
D:\Users\Daniel-Morgan\Downloads\serenity-cucumber4-master-X\serenity-cucumber4-master\src\test\java\pages\adminLevel\TrainingAndDevelopment_Dashboard\ClientTimePage.java
D:\Users\Daniel-Morgan\Downloads\serenity-cucumber4-master-X\serenity-cucumber4-master\src\test\java\assets\BrokenLinks.java
D:\Users\Daniel-Morgan\Downloads\serenity-cucumber4-master-X\serenity-cucumber4-master\src\test\java\starter\stepdefinitions\adminLevel\TrainingAndDevelopment_Dashboard\TrainingSteps.java
D:\Users\Daniel-Morgan\Downloads\serenity-cucumber4-master-X\serenity-cucumber4-master\src\test\java\navigation\MWLNavigateTo.java
D:\Users\Daniel-Morgan\Downloads\serenity-cucumber4-master-X\serenity-cucumber4-master\src\test\java\starter\navigation\DuckDuckGoHomePage.java
D:\Users\Daniel-Morgan\Downloads\serenity-cucumber4-master-X\serenity-cucumber4-master\src\test\java\pages\adminLevel\Money_Dashboard\Money_DashboardPage.java
D:\Users\Daniel-Morgan\Downloads\serenity-cucumber4-master-X\serenity-cucumber4-master\src\test\java\starter\stepdefinitions\employeeLevel\bookingTimeOffSteps.java
D:\Users\Daniel-Morgan\Downloads\serenity-cucumber4-master-X\serenity-cucumber4-master\src\test\java\starter\stepdefinitions\adminLevel\Money_Dashboard\PreparePayrollSteps.java
D:\Users\Daniel-Morgan\Downloads\serenity-cucumber4-master-X\serenity-cucumber4-master\src\test\java\pages\adminLevel\Overtime_Dashboard\OvertimeReasonsPage.java
D:\Users\Daniel-Morgan\Downloads\serenity-cucumber4-master-X\serenity-cucumber4-master\src\test\java\starter\stepdefinitions\adminLevel\Money_Dashboard\LoanAgreementsSteps.java
D:\Users\Daniel-Morgan\Downloads\serenity-cucumber4-master-X\serenity-cucumber4-master\src\test\java\pages\adminLevel\Money_Dashboard\LoanAgreementsPage.java
D:\Users\Daniel-Morgan\Downloads\serenity-cucumber4-master-X\serenity-cucumber4-master\src\test\java\navigation\MWLloginPage.java
D:\Users\Daniel-Morgan\Downloads\serenity-cucumber4-master-X\serenity-cucumber4-master\src\test\java\starter\navigation\NavigateTo.java
D:\Users\Daniel-Morgan\Downloads\serenity-cucumber4-master-X\serenity-cucumber4-master\src\test\java\starter\BrowserStackSerenityDriver.java
D:\Users\Daniel-Morgan\Downloads\serenity-cucumber4-master-X\serenity-cucumber4-master\src\test\java\pages\LoginPage.java
D:\Users\Daniel-Morgan\Downloads\serenity-cucumber4-master-X\serenity-cucumber4-master\src\test\java\starter\stepdefinitions\employeeLevel\myDetailsSteps.java
D:\Users\Daniel-Morgan\Downloads\serenity-cucumber4-master-X\serenity-cucumber4-master\src\test\java\starter\ParallelEdgeTest.java
D:\Users\Daniel-Morgan\Downloads\serenity-cucumber4-master-X\serenity-cucumber4-master\src\test\java\pages\adminLevel\TrainingAndDevelopment_Dashboard\WowChatPage.java
D:\Users\Daniel-Morgan\Downloads\serenity-cucumber4-master-X\serenity-cucumber4-master\src\test\java\pages\adminLevel\TrainingAndDevelopment_Dashboard\TrainingAndDevelopment_DashboardPage.java
D:\Users\Daniel-Morgan\Downloads\serenity-cucumber4-master-X\serenity-cucumber4-master\src\test\java\starter\stepdefinitions\adminLevel\Overtime_Dashboard\OvertimeSteps.java
D:\Users\Daniel-Morgan\Downloads\serenity-cucumber4-master-X\serenity-cucumber4-master\src\test\java\pages\adminLevel\Money_Dashboard\PreparePayrollPage.java
